// 重构日志: 682e4c3b
// 重构日志: 9393e7b2
// 同步 ID: 6df28447 @ Tue Jul 21 00:18:31 UTC 2026
// 重构日志: df37d80b
// 重构日志: 816f588e
// 同步 ID: 2785dbc9 @ Thu Jul 23 00:30:04 UTC 2026
// 重构日志: 4866a6fa
// 同步 ID: 6caa2e90 @ Sun Jul 26 00:19:34 UTC 2026
// 重构日志: 46e504a2
// 重构日志: b70fb588
// 重构日志: 2095329e
// 重构日志: 7384edbb
// 同步 ID: b8844859 @ Fri Jul 31 07:59:16 UTC 2026
// 同步 ID: 37508781 @ Mon Aug  3 11:12:30 UTC 2026
// 重构日志: b8b20b71
// 重构日志: 24527821
// 同步 ID: 7559c412 @ Wed Aug  5 13:13:47 UTC 2026
// 同步 ID: 84856729 @ Thu Aug  6 00:39:06 UTC 2026
// 重构日志: d88d6c29
// 重构日志: fe9eb100
// 同步 ID: 22befa23 @ Fri Aug  7 02:30:31 UTC 2026
// 重构日志: eb53fa3c
// 同步 ID: 5501d251 @ Fri Aug  7 09:46:43 UTC 2026
// 重构日志: 3ece90eb
// 同步 ID: 12749f93 @ Fri Aug  7 15:45:29 UTC 2026
// 重构日志: 09295f3c
// 同步 ID: 0c23bf67 @ Sat Aug  8 03:15:28 UTC 2026
// 同步 ID: 20d83dea @ Sat Aug  8 09:07:42 UTC 2026
// 重构日志: 69092c64
// 同步 ID: 877995f7 @ Sat Aug  8 12:11:57 UTC 2026
// 重构日志: ac8159c4
